[www.naijaloaded.com.ng/exchange/index.html]
[backblue.gif]
[fade.gif]
[index.html]
[www.naijaloaded.com.ng/exchange/assets/css/bootstrap.min.css]
[www.naijaloaded.com.ng/exchange/assets/css/bootstrap-select.min.css]
[www.naijaloaded.com.ng/exchange/assets/css/font-awesome.min.css]
[www.naijaloaded.com.ng/exchange/assets/css/themify-icons.css]
[www.naijaloaded.com.ng/exchange/assets/css/owl.carousel.css]
[www.naijaloaded.com.ng/exchange/assets/css/magnific-popup.css]
[www.naijaloaded.com.ng/exchange/assets/css/perfect-scrollbar.css]
[www.naijaloaded.com.ng/exchange/assets/css/plyr.css]
[www.naijaloaded.com.ng/exchange/assets/css/jquery-ui.css]
[www.naijaloaded.com.ng/exchange/css/main268b3.css]
[www.naijaloaded.com.ng/exchange/images/favicon.png]
[www.naijaloaded.com.ng/exchange/images/apple-touch-icon.png]
[www.naijaloaded.com.ng/exchange/images/icon-72x72.png]
[www.naijaloaded.com.ng/exchange/images/icon-114x114.png]
[www.google-analytics.com/analytics.js]
[certify-js.alexametrics.com/atrk.js]
[certify.alexametrics.com/atrk0d42.gif]
[www.naijaloaded.com.ng/exchange/images/bg/slider-default-bg-.jpg]
[www.naijaloaded.com.ng/exchange/images/bg/slider-default-bg.jpg]
[www.naijaloaded.com.ng/exchange/index-2.html]
[www.naijaloaded.com.ng/exchange/images/logo.png]
[www.naijaloaded.com.ng/wp-content/uploads/2018/10/Untitled-1.png]
[www.naijaloaded.com.ng/wp-content/uploads/2018/10/BC_Logo_11.png]
[www.naijaloaded.com.ng/wp-content/uploads/2018/10/454tgt.jpg]
[www.naijaloaded.com.ng/wp-content/uploads/2018/10/746784e76y.jpg]
[www.naijaloaded.com.ng/wp-content/uploads/2018/10/171150192-612x612.jpg]
[www.naijaloaded.com.ng/wp-content/uploads/2018/10/0-1.jpg]
[www.naijaloaded.com.ng/wp-content/uploads/2018/10/168550477.png]
[www.naijaloaded.com.ng/wp-content/uploads/2018/10/2764.png]
[www.naijaloaded.com.ng/wp-content/uploads/2018/10/photo.jpg]
[www.naijaloaded.com.ng/wp-content/uploads/2018/10/0.jpg]
[www.naijaloaded.com.ng/wp-content/uploads/2018/10/jelili-878987.jpg]
[www.naijaloaded.com.ng/wp-content/uploads/2018/10/Balogun-98487.jpg]
[www.naijaloaded.com.ng/wp-content/uploads/2018/10/saheed-98789.jpg]
[www.naijaloaded.com.ng/wp-content/uploads/2018/10/cartoon-bomb-png-7-1.png]
[www.naijaloaded.com.ng/wp-content/uploads/2018/10/12008-thumbs-up-icon-1.png]
[www.naijaloaded.com.ng/wp-content/uploads/2018/10/0-3-700x761.jpg]
[www.naijaloaded.com.ng/wp-content/uploads/2018/10/36085958_207611589864033_2439280114022744064_n.jpg]
[www.naijaloaded.com.ng/wp-content/uploads/2018/10/99-person-with-folded-hands-1.png]
[www.naijaloaded.com.ng/wp-content/uploads/2018/10/photo-2.jpg]
[www.naijaloaded.com.ng/cdn-cgi/scripts/5c5dd728/cloudflare-static/email-decode.min.js]
[www.naijaloaded.com.ng/exchange/assets/js/jquery.min.js]
[www.naijaloaded.com.ng/exchange/assets/js/jquery-migrate-3.0.1.min.js]
[www.naijaloaded.com.ng/exchange/assets/js/jquery-ui.min.js]
[www.naijaloaded.com.ng/exchange/assets/js/bootstrap.min.js]
[www.naijaloaded.com.ng/exchange/assets/js/owl.carousel.min.js]
[www.naijaloaded.com.ng/exchange/assets/js/jquery.ajaxchimp.min.js]
[www.naijaloaded.com.ng/exchange/assets/js/Chart.min.js]
[www.naijaloaded.com.ng/exchange/assets/js/chart.bundle.js]
[www.naijaloaded.com.ng/exchange/assets/js/utils.js]
[www.naijaloaded.com.ng/exchange/assets/js/perfect-scrollbar.min.js]
[www.naijaloaded.com.ng/exchange/assets/js/jquery.countdown.min.js]
[www.naijaloaded.com.ng/exchange/assets/js/visible.js]
[www.naijaloaded.com.ng/exchange/assets/js/plyr.js]
[www.naijaloaded.com.ng/exchange/assets/js/bootstrap-select.min.js]
[www.naijaloaded.com.ng/exchange/assets/js/jquery.nav.js]
[www.naijaloaded.com.ng/exchange/assets/js/loadingoverlay_progress.min.js]
[www.naijaloaded.com.ng/exchange/assets/js/jquery.magnific-popup.min.js]
[www.naijaloaded.com.ng/exchange/js/custom.js]
[www.naijaloaded.com.ng/exchange/index.html]
[ajax.cloudflare.com/cdn-cgi/scripts/7089c43e/cloudflare-static/rocket-loader.min.js]
[www.naijaloaded.com.ng/exchange/assets/fonts/glyphicons-halflings-regular.eot]
[www.naijaloaded.com.ng/exchange/assets/fonts/glyphicons-halflings-regulard41dd41d.eot]
[www.naijaloaded.com.ng/exchange/assets/fonts/glyphicons-halflings-regular.woff2]
[www.naijaloaded.com.ng/exchange/assets/fonts/glyphicons-halflings-regular.woff]
[www.naijaloaded.com.ng/exchange/assets/fonts/glyphicons-halflings-regular.ttf]
[www.naijaloaded.com.ng/exchange/assets/fonts/glyphicons-halflings-regular.svg]
[www.naijaloaded.com.ng/exchange/assets/css/bootstrap.min.css]
[www.naijaloaded.com.ng/exchange/assets/css/bootstrap-select.min.css]
[www.naijaloaded.com.ng/exchange/assets/fonts/fontawesome-webfont3e6e3e6e.eot]
[www.naijaloaded.com.ng/exchange/assets/fonts/fontawesome-webfontd41dd41d.eot]
[www.naijaloaded.com.ng/exchange/assets/fonts/fontawesome-webfont3e6e3e6e.woff2]
[www.naijaloaded.com.ng/exchange/assets/fonts/fontawesome-webfont3e6e3e6e.woff]
[www.naijaloaded.com.ng/exchange/assets/fonts/fontawesome-webfont3e6e3e6e.ttf]
[www.naijaloaded.com.ng/exchange/assets/css/font-awesome.min.css]
[www.naijaloaded.com.ng/exchange/assets/fonts/fontawesome-webfont3e6e3e6e.svg]
[www.naijaloaded.com.ng/exchange/assets/fonts/themify9f249f24.eot]
[www.naijaloaded.com.ng/exchange/assets/fonts/themifyd41dd41d.eot]
[www.naijaloaded.com.ng/exchange/assets/fonts/themify9f249f24.woff]
[www.naijaloaded.com.ng/exchange/assets/fonts/themify9f249f24.ttf]
[www.naijaloaded.com.ng/exchange/assets/css/themify-icons.css]
[www.naijaloaded.com.ng/exchange/assets/fonts/themify9f249f24.svg]
[www.naijaloaded.com.ng/exchange/assets/css/owl.carousel.css]
[www.naijaloaded.com.ng/exchange/assets/css/magnific-popup.css]
[www.naijaloaded.com.ng/exchange/assets/css/perfect-scrollbar.css]
[www.naijaloaded.com.ng/exchange/assets/css/plyr.css]
[www.naijaloaded.com.ng/exchange/assets/img/grabbing.html]
[www.naijaloaded.com.ng/exchange/assets/css/images/ui-icons_444444_256x240.html]
[www.naijaloaded.com.ng/exchange/assets/css/images/ui-icons_555555_256x240.html]
[www.naijaloaded.com.ng/exchange/assets/css/images/ui-icons_ffffff_256x240.html]
[www.naijaloaded.com.ng/exchange/assets/css/images/ui-icons_777620_256x240.html]
[www.naijaloaded.com.ng/exchange/assets/css/images/ui-icons_cc0000_256x240.html]
[www.naijaloaded.com.ng/exchange/assets/css/jquery-ui.css]
[www.naijaloaded.com.ng/exchange/assets/css/images/ui-icons_777777_256x240.html]
[www.naijaloaded.com.ng/exchange/images/bg/heading-bg.png]
[www.naijaloaded.com.ng/exchange/images/bg/heading-bg-2.png]
[www.naijaloaded.com.ng/exchange/images/bg/subheader-bg.jpg]
[www.naijaloaded.com.ng/exchange/images/feature/border-shape.png]
[www.naijaloaded.com.ng/exchange/images/bg/featured-bg.jpg]
[www.naijaloaded.com.ng/exchange/images/feature/featured-video-bg-1.jpg]
[www.naijaloaded.com.ng/exchange/images/feature/arrow-1.png]
[www.naijaloaded.com.ng/exchange/images/feature/featured-video-bg-2.jpg]
[www.naijaloaded.com.ng/exchange/images/feature/arrow-2.png]
[www.naijaloaded.com.ng/exchange/images/feature/featured-video-bg-3.jpg]
[www.naijaloaded.com.ng/exchange/images/feature/arrow-3.png]
[www.naijaloaded.com.ng/exchange/images/how-it-work/1.png]
[www.naijaloaded.com.ng/exchange/images/how-it-work/2.png]
[www.naijaloaded.com.ng/exchange/images/how-it-work/3.png]
[www.naijaloaded.com.ng/exchange/images/pricing/1.jpg]
[www.naijaloaded.com.ng/exchange/images/pricing/2.jpg]
[www.naijaloaded.com.ng/exchange/images/pricing/3.jpg]
[www.naijaloaded.com.ng/exchange/images/pricing/4.jpg]
[www.naijaloaded.com.ng/exchange/images/bg/team-bg.jpg]
[www.naijaloaded.com.ng/exchange/images/bg/achivement-bg.jpg]
[www.naijaloaded.com.ng/exchange/images/bg/account-bg.jpg]
[www.naijaloaded.com.ng/exchange/images/bg/slider-bg-1.jpg]
[www.naijaloaded.com.ng/exchange/images/bg/slider-bg-2.jpg]
[www.naijaloaded.com.ng/exchange/images/bg/slider-bg-3.jpg]
[www.naijaloaded.com.ng/exchange/images/call-to-action/arrow.png]
[www.naijaloaded.com.ng/exchange/images/bg/footer-bg.jpg]
[www.naijaloaded.com.ng/exchange/css/main268b3.css]
[www.naijaloaded.com.ng/exchange/images/apple-touch-icon.html]
[www.naijaloaded.com.ng/exchange/images/icon-72x72.html]
[www.naijaloaded.com.ng/exchange/images/icon-114x114.html]
[www.naijaloaded.com.ng/exchange/index-2.html]
[www.naijaloaded.com.ng/exchange/assets/js/jquery.min.js]
[www.naijaloaded.com.ng/exchange/assets/js/jquery-migrate-3.0.1.min.js]
[www.naijaloaded.com.ng/exchange/assets/js/jquery-ui.min.js]
[www.naijaloaded.com.ng/exchange/Popover requires tooltip.js]
[www.naijaloaded.com.ng/exchange/assets/js/bootstrap.min.js]
[www.naijaloaded.com.ng/exchange/assets/js/owl.carousel.min.js]
[www.naijaloaded.com.ng/exchange/assets/js/jquery.ajaxchimp.min.js]
[www.naijaloaded.com.ng/exchange/assets/js/Chart.min.js]
[www.naijaloaded.com.ng/exchange/assets/js/chart.bundle.js]
[www.naijaloaded.com.ng/exchange/assets/js/utils.js]
[www.naijaloaded.com.ng/exchange/assets/js/perfect-scrollbar.min.js]
[www.naijaloaded.com.ng/exchange/assets/js/jquery.countdown.min.js]
[www.naijaloaded.com.ng/exchange/assets/js/visible.js]
[www.naijaloaded.com.ng/exchange/assets/js/plyr.js]
[www.naijaloaded.com.ng/exchange/assets/js/bootstrap-select.min.js]
[www.naijaloaded.com.ng/exchange/assets/js/jquery.nav.js]
[www.naijaloaded.com.ng/exchange/assets/js/loadingoverlay_progress.min.js]
[www.naijaloaded.com.ng/exchange/assets/js/jquery.magnific-popup.min.js]
[www.naijaloaded.com.ng/exchange/js/custom.js]
[www.naijaloaded.com.ng/exchange/assets/fonts/glyphicons-halflings-regular.svg]
[www.naijaloaded.com.ng/exchange/assets/fonts/fontawesome-webfont3e6e3e6e.svg]
[www.naijaloaded.com.ng/exchange/assets/fonts/themify9f249f24.svg]
[www.naijaloaded.com.ng/exchange/assets/img/grabbing.html]
[www.naijaloaded.com.ng/exchange/assets/css/images/ui-icons_444444_256x240.html]
[www.naijaloaded.com.ng/exchange/assets/css/images/ui-icons_555555_256x240.html]
[www.naijaloaded.com.ng/exchange/assets/css/images/ui-icons_ffffff_256x240.html]
[www.naijaloaded.com.ng/exchange/assets/css/images/ui-icons_777620_256x240.html]
[www.naijaloaded.com.ng/exchange/assets/css/images/ui-icons_cc0000_256x240.html]
[www.naijaloaded.com.ng/exchange/assets/css/images/ui-icons_777777_256x240.html]
[www.naijaloaded.com.ng/exchange/images/bg/heading-bg.html]
[www.naijaloaded.com.ng/exchange/images/bg/heading-bg-2.html]
[www.naijaloaded.com.ng/exchange/images/bg/subheader-bg.html]
[www.naijaloaded.com.ng/exchange/images/bg/featured-bg.html]
[www.naijaloaded.com.ng/exchange/images/pricing/1.html]
[www.naijaloaded.com.ng/exchange/images/pricing/2.html]
[www.naijaloaded.com.ng/exchange/images/pricing/3.html]
[www.naijaloaded.com.ng/exchange/images/pricing/4.html]
[www.naijaloaded.com.ng/exchange/images/bg/achivement-bg.html]
[www.naijaloaded.com.ng/exchange/images/bg/account-bg.html]
[www.naijaloaded.com.ng/exchange/images/bg/slider-bg-1.html]
[www.naijaloaded.com.ng/exchange/images/bg/slider-bg-2.html]
[www.naijaloaded.com.ng/exchange/images/bg/slider-bg-3.html]
[www.naijaloaded.com.ng/exchange/images/call-to-action/arrow.html]
[www.naijaloaded.com.ng/exchange/Popover requires tooltip.html]
[www.naijaloaded.com.ng/exchange/options.time.format is deprecated and replaced by options.time.parser. See http_/nnnick.github.io/Chart.js/docs-v2/index.html]
[www.naijaloaded.com.ng/exchange/isDSTShifted is deprecated. See http_/momentjs.com/guides/index.html]
